../Core/Src/main.c:70:6:DWT_Init	4	static
../Core/Src/main.c:78:6:DWT_Delay_us	24	static
../Core/Src/main.c:86:13:DHT11_Pin_Output	32	static
../Core/Src/main.c:96:13:DHT11_Pin_Input	32	static
../Core/Src/main.c:108:9:DHT11_Read	32	static
../Core/Src/main.c:189:10:MQ135_Read_ADC	16	static
../Core/Src/main.c:210:5:main	40	static
../Core/Src/main.c:308:6:SystemClock_Config	88	static
../Core/Src/main.c:355:13:MX_ADC1_Init	24	static
../Core/Src/main.c:407:13:MX_I2C1_Init	8	static
../Core/Src/main.c:441:13:MX_GPIO_Init	40	static
../Core/Src/main.c:471:6:Error_Handler	4	static,ignoring_inline_asm
